// Vitest Snapshot v1, https://vitest.dev/guide/snapshot.html

exports[`ProjectFiles > saves 1`] = `
"{
  \\"nodes\\": { \\"1Bx5TrKQBSLkwyYm1Xkia6\\": { \\"type\\": \\"frame\\", \\"index\\": 0 } },
  \\"styles\\": {},
  \\"images\\": {},
  \\"colors\\": {}
}
"
`;
