// Vitest Snapshot v1, https://vitest.dev/guide/snapshot.html

exports[`selectablesToProjectJSON > works 1`] = `
{
  "colors": {},
  "componentURLs": [],
  "images": {},
  "nodes": {
    "1Bxgjgs6sCdp9Np51fcYL6": {
      "condition": undefined,
      "index": 0,
      "name": "Button",
      "parent": undefined,
      "type": "component",
    },
    "1Bxgjgs6uDAKz2qq16i1NL": {
      "condition": {
        "type": "hover",
      },
      "index": 1,
      "name": "",
      "parent": "1Bxgjgs6sCdp9Np51fcYL6",
      "type": "variant",
    },
    "1Bxgjgs74468hXW4Lsmyro": {
      "condition": undefined,
      "index": 0,
      "name": "",
      "parent": "1Bxgjgs6sCdp9Np51fcYL6",
      "type": "frame",
    },
    "1Bxgjgs75jx7aNfgBLMn8c": {
      "condition": {
        "type": "maxWidth",
        "value": 767,
      },
      "index": 2,
      "name": "",
      "parent": "1Bxgjgs6sCdp9Np51fcYL6",
      "type": "variant",
    },
    "1Bxgjgs78B7Q9WygLinw8N": {
      "condition": undefined,
      "index": 0,
      "name": "Text",
      "parent": "1Bxgjgs74468hXW4Lsmyro",
      "type": "text",
    },
  },
  "styles": {
    "1Bxgjgs6sCdp9Np51fcYL6": {},
    "1Bxgjgs6uDAKz2qq16i1NL": {
      "fills": [
        {
          "solid": {
            "token": "blue/500",
          },
        },
      ],
      "position": {
        "left": 200,
        "top": 400,
      },
    },
    "1Bxgjgs6uDAKz2qq16i1NL:1Bxgjgs78B7Q9WygLinw8N": {
      "fills": [
        {
          "solid": "#FFFFFF",
        },
      ],
    },
    "1Bxgjgs74468hXW4Lsmyro": {
      "fills": [
        {
          "solid": "#E5E7EB",
        },
      ],
      "height": "hug",
      "layout": "flex",
      "paddingBottom": 4,
      "paddingLeft": 8,
      "paddingRight": 8,
      "paddingTop": 4,
      "position": {
        "left": 50,
        "top": 400,
      },
      "width": "hug",
    },
    "1Bxgjgs75jx7aNfgBLMn8c": {
      "paddingBottom": 2,
      "paddingLeft": 4,
      "paddingRight": 4,
      "paddingTop": 2,
      "position": {
        "left": 350,
        "top": 400,
      },
    },
    "1Bxgjgs75jx7aNfgBLMn8c:1Bxgjgs78B7Q9WygLinw8N": {
      "fontSize": 14,
    },
    "1Bxgjgs78B7Q9WygLinw8N": {
      "fills": [
        {
          "solid": "#111827",
        },
      ],
      "height": "hug",
      "textContent": "Button",
      "width": "hug",
    },
  },
}
`;
